Microchip MPLAB XC8 Compiler V2.46

Linker command line:

-W-3 \
  --edf=C:\Program Files\Microchip\xc8\v2.46\pic\dat\20240104201356_en.msgs \
  -cn -h+dist/default/production\Lab6C.X.production.sym \
  --cmf=dist/default/production\Lab6C.X.production.cmf -z -Q18F4550 \
  -oC:\Users\WINDOWS\AppData\Local\Temp\xcBs7b0.1\driver_tmp_3.obj \
  -Mdist/default/production/Lab6C.X.production.map \
  --md=C:\Users\WINDOWS\AppData\Local\Temp\xcBs7b0.1\driver_tmp_0.dat -E1 \
  -ver=XC8 Compiler -ACODE=00h-07FFFh -ACONST=00h-07FFFh \
  -ASMALLCONST=0800h-08FFhx120 -AMEDIUMCONST=0800h-07FFFh -ACOMRAM=01h-05Fh \
  -AABS1=00h-07FFh -ABIGRAM=01h-07FFh -ARAM=060h-0FFh,0100h-01FFhx7 \
  -ABANK0=060h-0FFh -ABANK1=0100h-01FFh -ABANK2=0200h-02FFh \
  -ABANK3=0300h-03FFh -ABANK4=0400h-04FFh -ABANK5=0500h-05FFh \
  -ABANK6=0600h-06FFh -ABANK7=0700h-07FFh -ASFR=0F60h-0FFFh \
  -ABIGSFR=0F60h-0FFFh -ACONFIG=0300000h-030000Dh -AIDLOC=0200000h-0200007h \
  -AEEDATA=0F00000h-0F000FFh -peeprom_data=EEDATA \
  -preset_vec=00h,intcode=8h,intcodelo,powerup,init -pramtop=0800h \
  -psmallconst=SMALLCONST -pmediumconst=MEDIUMCONST -pconst=CONST \
  -AFARRAM=00h-00h \
  -prdata=COMRAM,nvrram=COMRAM,nvbit=COMRAM,rbss=COMRAM,rbit=COMRAM \
  -pfarbss=FARRAM,fardata=FARRAM,nvFARRAM=FARRAM \
  -pintsave_regs=BIGRAM,bigbss=BIGRAM,bigdata=BIGRAM -pbss=RAM \
  -pidata=CODE,irdata=CODE,ibigdata=CODE,ifardata=CODE -prparam=COMRAM \
  C:\Users\WINDOWS\AppData\Local\Temp\xcBs7b0.1\driver_tmp_15.obj \
  dist/default/production\Lab6C.X.production.obj 

Object code version is 3.11

Machine type is 18F4550



                Name                               Link     Load   Length Selector   Space Scale
C:\Users\WINDOWS\AppData\Local\Temp\xcBs7b0.1\driver_tmp_15.obj
                idloc                            200000   200000        8        0       5
                config                           300000   300000        E        0       4
                init                                  E        E        4        4       0
                reset_vec                             0        0        4        0       0
dist/default/production\Lab6C.X.production.obj
                intcode                               8        8        6        4       0
                idloc                            200000   200000        8        0       5
                config                           300000   300000        E        0       4
                temp                                 37       37        1        1       1
                smallconst                          800      800       BE      400       0
                text46                             163A     163A       52      45F       0
                text45                             1526     1526       68      45F       0
                text44                             13B8     13B8       84      45F       0
                text43                             190E     190E       26      45F       0
                text42                             19A4     19A4       1A      45F       0
                text41                             19F0     19F0       16      CEC       0
                text40                             16CE     16CE       42      45F       0
                text39                             1A66     1A66        E      CEC       0
                text38                             1888     1888       30      45F       0
                text37                             198A     198A       1A      45F       0
                text36                              E12      E12      1C6      45F       0
                text35                             1750     1750       3C      45F       0
                text34                             18E4     18E4       2A      45F       0
                text33                             14B2     14B2       74      45F       0
                text32                             1858     1858       30      45F       0
                text31                             19D8     19D8       18      CEC       0
                text30                             1AAC     1AAC        8      CEC       0
                text29                             1A3A     1A3A       10      CEC       0
                text28                             1A8A     1A8A        A      CEC       0
                text27                             1A18     1A18       12      CEC       0
                text26                             1A74     1A74        C      CEC       0
                intcode_body                        8BE      8BE      388      45F       0
                text24                             1A58     1A58        E      CEC       0
                text23                             17C2     17C2       36      45F       0
                text22                             1970     1970       1A      45F       0
                text21                             158E     158E       5A      45F       0
                text20                             178C     178C       36      45F       0
                text19                             1828     1828       30      45F       0
                text18                             15E8     15E8       52      45F       0
                text17                             168C     168C       42      45F       0
                text16                             1952     1952       1E      45F       0
                text15                              C46      C46      1CC      45F       0
                text14                             1A80     1A80        A      CEC       0
                text13                             1AA4     1AA4        8      CEC       0
                text12                             1A9C     1A9C        8      CEC       0
                text11                             1A94     1A94        8      CEC       0
                text10                             1226     1226       E4      45F       0
                text9                              18B8     18B8       2C      45F       0
                text8                              1A2A     1A2A       10      CEC       0
                text7                              1A06     1A06       12      CEC       0
                text6                              1A4A     1A4A        E      CEC       0
                text5                              130A     130A       AE      45F       0
                text4                              143C     143C       76      45F       0
                text3                              1934     1934       1E      45F       0
                text2                               FD8      FD8      15C      45F       0
                text1                              17F8     17F8       30      45F       0
                text0                              1134     1134       F2      45F       0
                cstackCOMRAM                          1        1       2D        1       1
                cstackBANK0                          60       60       21       60       1
                dataBANK0                            81       81       19       60       1
                bssBANK0                             9A       9A        2       60       1
                bssCOMRAM                            2E       2E        9        1       1
                cinit                              1710     1710       40      45F       0
                idataBANK0                         19BE     19BE       19      45F       0

TOTAL           Name                               Link     Load   Length     Space
        CLASS   CODE           
                intcode                               8        8        6         0
                init                                  E        E        4         0
                reset_vec                             0        0        4         0
                text46                             163A     163A       52         0
                text45                             1526     1526       68         0
                text44                             13B8     13B8       84         0
                text43                             190E     190E       26         0
                text42                             19A4     19A4       1A         0
                text41                             19F0     19F0       16         0
                text40                             16CE     16CE       42         0
                text39                             1A66     1A66        E         0
                text38                             1888     1888       30         0
                text37                             198A     198A       1A         0
                text36                              E12      E12      1C6         0
                text35                             1750     1750       3C         0
                text34                             18E4     18E4       2A         0
                text33                             14B2     14B2       74         0
                text32                             1858     1858       30         0
                text31                             19D8     19D8       18         0
                text30                             1AAC     1AAC        8         0
                text29                             1A3A     1A3A       10         0
                text28                             1A8A     1A8A        A         0
                text27                             1A18     1A18       12         0
                text26                             1A74     1A74        C         0
                intcode_body                        8BE      8BE      388         0
                text24                             1A58     1A58        E         0
                text23                             17C2     17C2       36         0
                text22                             1970     1970       1A         0
                text21                             158E     158E       5A         0
                text20                             178C     178C       36         0
                text19                             1828     1828       30         0
                text18                             15E8     15E8       52         0
                text17                             168C     168C       42         0
                text16                             1952     1952       1E         0
                text15                              C46      C46      1CC         0
                text14                             1A80     1A80        A         0
                text13                             1AA4     1AA4        8         0
                text12                             1A9C     1A9C        8         0
                text11                             1A94     1A94        8         0
                text10                             1226     1226       E4         0
                text9                              18B8     18B8       2C         0
                text8                              1A2A     1A2A       10         0
                text7                              1A06     1A06       12         0
                text6                              1A4A     1A4A        E         0
                text5                              130A     130A       AE         0
                text4                              143C     143C       76         0
                text3                              1934     1934       1E         0
                text2                               FD8      FD8      15C         0
                text1                              17F8     17F8       30         0
                text0                              1134     1134       F2         0
                cinit                              1710     1710       40         0
                idataBANK0                         19BE     19BE       19         0

        CLASS   CONST          

        CLASS   SMALLCONST     
                smallconst                          800      800       BE         0

        CLASS   MEDIUMCONST    

        CLASS   COMRAM         
                temp                                 37       37        1         1
                cstackCOMRAM                          1        1       2D         1
                bssCOMRAM                            2E       2E        9         1

        CLASS   ABS1           

        CLASS   BIGRAM         

        CLASS   RAM            

        CLASS   BANK0          
                cstackBANK0                          60       60       21         1
                dataBANK0                            81       81       19         1
                bssBANK0                             9A       9A        2         1

        CLASS   BANK1          

        CLASS   BANK2          

        CLASS   BANK3          

        CLASS   BANK4          

        CLASS   BANK5          

        CLASS   BANK6          

        CLASS   BANK7          

        CLASS   SFR            

        CLASS   BIGSFR         

        CLASS   CONFIG         
                config                           300000   300000        E         4

        CLASS   IDLOC          
                idloc                            200000   200000        8         5

        CLASS   EEDATA         

        CLASS   FARRAM         

        CLASS   HEAP           

        CLASS   STACK          



SEGMENTS        Name                           Load    Length   Top    Selector   Space  Class

                reset_vec                      000000  000004  000004         0       0  CODE    
                cstackCOMRAM                   000001  000037  000038         1       1  COMRAM  
                intcode                        000008  00000A  000012         4       0  CODE    
                cstackBANK0                    000060  00003C  00009C        60       1  BANK0   
                smallconst                     000800  0000BE  0008BE       400       0  SMALLCON
                intcode_body                   0008BE  001119  0019D7       45F       0  CODE    
                text31                         0019D8  0000DC  001AB4       CEC       0  CODE    


UNUSED ADDRESS RANGES

        Name                Unused          Largest block    Delta
        BANK0            00009C-0000FF               64
        BANK1            000100-0001FF              100
        BANK2            000200-0002FF              100
        BANK3            000300-0003FF              100
        BANK4            000400-0004FF              100
        BANK5            000500-0005FF              100
        BANK6            000600-0006FF              100
        BANK7            000700-0007FF              100
        BIGRAM           000038-00005F               28
                         00009C-0007FF              764
        BIGSFR           000F60-000FFF               A0
        CODE             000004-000007                4
                         000012-0007FF              7EE
                         0019D7-0019D7                1
                         001AB4-007FFF             654C
        COMRAM           000038-00005F               28
        CONST            000004-000007                4
                         000012-0007FF              7EE
                         0019D7-0019D7                1
                         001AB4-007FFF             654C
        EEDATA           F00000-F000FF              100
        MEDIUMCONST      0019D7-0019D7                1
                         001AB4-007FFF             654C
        RAM              00009C-0007FF              100
        SFR              000F60-000FFF               A0
        SMALLCONST       0019D7-0019D7                1
                         001AB4-007FFF              100

                                  Symbol Table

?___awdiv                   cstackCOMRAM 000001
?___lwdiv                   cstackBANK0  000060
?___lwmod                   cstackBANK0  000067
?___wmul                    cstackCOMRAM 000001
?_printf                    cstackBANK0  00006C
?i2___lwdiv                 cstackCOMRAM 000007
?i2___lwmod                 cstackCOMRAM 00000E
?i2_printf                  cstackCOMRAM 000013
MeasureDist@aux             cstackCOMRAM 00000E
_ADCON0                     (abs)        000FC2
_ADCON1                     (abs)        000FC1
_ADCON2                     (abs)        000FC0
_ADRESH                     (abs)        000FC4
_BAUDCON                    (abs)        000FB8
_CCP1CON                    (abs)        000FBD
_CCP2CON                    (abs)        000FBA
_CCP2IF                     (abs)        007D08
_CCPR1L                     (abs)        000FBE
_CCPR2                      (abs)        000FBB
_CREN                       (abs)        007D5C
_GIE                        (abs)        007F97
_GO                         (abs)        007E11
_ISR                        intcode      000008
_LATA                       (abs)        000F89
_LATA1                      (abs)        007C49
_LATA2                      (abs)        007C4A
_LATA3                      (abs)        007C4B
_LATA4                      (abs)        007C4C
_LATB                       (abs)        000F8A
_LATC2                      (abs)        007C5A
_LATD                       (abs)        000F8C
_LATE                       (abs)        000F8D
_MeasureDist                text45       001526
_OSCCON                     (abs)        000FD3
_PEIE                       (abs)        007F96
_PORTB                      (abs)        000F81
_PR2                        (abs)        000FCB
_RB4                        (abs)        007C0C
_RB5                        (abs)        007C0D
_RB6                        (abs)        007C0E
_RB7                        (abs)        007C0F
_RBIE                       (abs)        007F93
_RBIF                       (abs)        007F90
_RBPU                       (abs)        007F8F
_RC0                        (abs)        007C10
_RC1                        (abs)        007C11
_RCIE                       (abs)        007CED
_RCIF                       (abs)        007CF5
_RCREG                      (abs)        000FAE
_RCSTA                      (abs)        000FAB
_SPBRG                      (abs)        000FAF
_T0CON                      (abs)        000FD5
_T1CON                      (abs)        000FCD
_T2CON                      (abs)        000FCA
_TMR0                       (abs)        000FD6
_TMR0IE                     (abs)        007F95
_TMR0IF                     (abs)        007F92
_TMR0ON                     (abs)        007EAF
_TMR1                       (abs)        000FCE
_TMR1IF                     (abs)        007CF0
_TMR1ON                     (abs)        007E68
_TMR2                       (abs)        000FCC
_TMR2ON                     (abs)        007E52
_TRISA                      (abs)        000F92
_TRISB                      (abs)        000F93
_TRISC0                     (abs)        007CA0
_TRISC2                     (abs)        007CA2
_TRISD                      (abs)        000F95
_TRISE                      (abs)        000F96
_TRMT                       (abs)        007D61
_TXREG                      (abs)        000FAD
_TXSTA                      (abs)        000FAC
__HRAM                      (abs)        000000
__H__absolute__             __absolute__ 000000
__Habs1                     abs1         000000
__Hbank0                    bank0        000000
__Hbank1                    bank1        000000
__Hbank2                    bank2        000000
__Hbank3                    bank3        000000
__Hbank4                    bank4        000000
__Hbank5                    bank5        000000
__Hbank6                    bank6        000000
__Hbank7                    bank7        000000
__Hbigbss                   bigbss       000000
__Hbigdata                  bigdata      000000
__Hbigram                   bigram       000000
__Hbigsfr                   bigsfr       000000
__Hbss                      bss          000000
__HbssBANK0                 bssBANK0     000000
__HbssCOMRAM                bssCOMRAM    000000
__Hcinit                    cinit        000000
__Hclrtext                  clrtext      000000
__Hcomram                   comram       000000
__Hconfig                   config       30000E
__Hconst                    const        000000
__HcstackBANK0              cstackBANK0  000000
__HcstackCOMRAM             cstackCOMRAM 000000
__Hdata                     data         000000
__HdataBANK0                dataBANK0    000000
__Heeprom_data              eeprom_data  000000
__Hfarbss                   farbss       000000
__Hfardata                  fardata      000000
__Hheap                     heap         000000
__Hibigdata                 ibigdata     000000
__Hidata                    idata        000000
__HidataBANK0               idataBANK0   000000
__Hidloc                    idloc        200008
__Hifardata                 ifardata     000000
__Hinit                     init         000012
__Hintcode                  intcode      00000E
__Hintcode_body             intcode_body 000000
__Hintcodelo                intcodelo    00000E
__Hintentry                 intentry     000000
__Hintret                   intret       000000
__Hintsave_regs             intsave_regs 000000
__Hirdata                   irdata       000000
__Hmediumconst              mediumconst  000000
__HnvFARRAM                 nvFARRAM     000000
__Hnvbit                    nvbit        000000
__Hnvrram                   nvrram       000000
__Hparam                    rparam       000000
__Hpowerup                  powerup      00000E
__Hram                      ram          000000
__Hramtop                   ramtop       000800
__Hrbit                     rbit         000000
__Hrbss                     rbss         000000
__Hrdata                    rdata        000000
__Hreset_vec                reset_vec    000004
__Hrparam                   rparam       000000
__Hsfr                      sfr          000000
__Hsivt_hi                  sivt_hi      000000
__Hsivt_lo                  sivt_lo      000000
__Hsmallconst               smallconst   0008BE
__Hspace_0                  (abs)        001AB4
__Hspace_1                  (abs)        00009C
__Hspace_2                  (abs)        000000
__Hspace_4                  (abs)        60000E
__Hstack                    stack        000000
__Hstruct                   struct       000000
__Htemp                     temp         000038
__Htext                     text         000000
__Htext0                    text0        000000
__Htext1                    text1        000000
__Htext10                   text10       000000
__Htext11                   text11       000000
__Htext12                   text12       000000
__Htext13                   text13       000000
__Htext14                   text14       000000
__Htext15                   text15       000000
__Htext16                   text16       000000
__Htext17                   text17       000000
__Htext18                   text18       000000
__Htext19                   text19       000000
__Htext2                    text2        000000
__Htext20                   text20       000000
__Htext21                   text21       000000
__Htext22                   text22       000000
__Htext23                   text23       000000
__Htext24                   text24       000000
__Htext26                   text26       000000
__Htext27                   text27       000000
__Htext28                   text28       000000
__Htext29                   text29       000000
__Htext3                    text3        000000
__Htext30                   text30       000000
__Htext31                   text31       000000
__Htext32                   text32       000000
__Htext33                   text33       000000
__Htext34                   text34       000000
__Htext35                   text35       000000
__Htext36                   text36       000000
__Htext37                   text37       000000
__Htext38                   text38       000000
__Htext39                   text39       000000
__Htext4                    text4        000000
__Htext40                   text40       000000
__Htext41                   text41       000000
__Htext42                   text42       000000
__Htext43                   text43       000000
__Htext44                   text44       000000
__Htext45                   text45       000000
__Htext46                   text46       000000
__Htext5                    text5        000000
__Htext6                    text6        000000
__Htext7                    text7        000000
__Htext8                    text8        000000
__Htext9                    text9        000000
__LRAM                      (abs)        000001
__L__absolute__             __absolute__ 000000
__Labs1                     abs1         000000
__Lbank0                    bank0        000000
__Lbank1                    bank1        000000
__Lbank2                    bank2        000000
__Lbank3                    bank3        000000
__Lbank4                    bank4        000000
__Lbank5                    bank5        000000
__Lbank6                    bank6        000000
__Lbank7                    bank7        000000
__Lbigbss                   bigbss       000000
__Lbigdata                  bigdata      000000
__Lbigram                   bigram       000000
__Lbigsfr                   bigsfr       000000
__Lbss                      bss          000000
__LbssBANK0                 bssBANK0     000000
__LbssCOMRAM                bssCOMRAM    000000
__Lcinit                    cinit        000000
__Lclrtext                  clrtext      000000
__Lcomram                   comram       000000
__Lconfig                   config       000000
__Lconst                    const        000000
__LcstackBANK0              cstackBANK0  000000
__LcstackCOMRAM             cstackCOMRAM 000000
__Ldata                     data         000000
__LdataBANK0                dataBANK0    000000
__Leeprom_data              eeprom_data  000000
__Lfarbss                   farbss       000000
__Lfardata                  fardata      000000
__Lheap                     heap         000000
__Libigdata                 ibigdata     000000
__Lidata                    idata        000000
__LidataBANK0               idataBANK0   000000
__Lidloc                    idloc        000000
__Lifardata                 ifardata     000000
__Linit                     init         00000E
__Lintcode                  intcode      000008
__Lintcode_body             intcode_body 000000
__Lintcodelo                intcodelo    00000E
__Lintentry                 intentry     000000
__Lintret                   intret       000000
__Lintsave_regs             intsave_regs 000000
__Lirdata                   irdata       000000
__Lmediumconst              mediumconst  000000
__LnvFARRAM                 nvFARRAM     000000
__Lnvbit                    nvbit        000000
__Lnvrram                   nvrram       000000
__Lparam                    rparam       000000
__Lpowerup                  powerup      00000E
__Lram                      ram          000000
__Lramtop                   ramtop       000800
__Lrbit                     rbit         000000
__Lrbss                     rbss         000000
__Lrdata                    rdata        000000
__Lreset_vec                reset_vec    000000
__Lrparam                   rparam       000000
__Lsfr                      sfr          000000
__Lsivt_hi                  sivt_hi      000000
__Lsivt_lo                  sivt_lo      000000
__Lsmallconst               smallconst   000800
__Lspace_0                  (abs)        000000
__Lspace_1                  (abs)        000000
__Lspace_2                  (abs)        000000
__Lspace_4                  (abs)        000000
__Lstack                    stack        000000
__Lstruct                   struct       000000
__Ltemp                     temp         000037
__Ltext                     text         000000
__Ltext0                    text0        000000
__Ltext1                    text1        000000
__Ltext10                   text10       000000
__Ltext11                   text11       000000
__Ltext12                   text12       000000
__Ltext13                   text13       000000
__Ltext14                   text14       000000
__Ltext15                   text15       000000
__Ltext16                   text16       000000
__Ltext17                   text17       000000
__Ltext18                   text18       000000
__Ltext19                   text19       000000
__Ltext2                    text2        000000
__Ltext20                   text20       000000
__Ltext21                   text21       000000
__Ltext22                   text22       000000
__Ltext23                   text23       000000
__Ltext24                   text24       000000
__Ltext26                   text26       000000
__Ltext27                   text27       000000
__Ltext28                   text28       000000
__Ltext29                   text29       000000
__Ltext3                    text3        000000
__Ltext30                   text30       000000
__Ltext31                   text31       000000
__Ltext32                   text32       000000
__Ltext33                   text33       000000
__Ltext34                   text34       000000
__Ltext35                   text35       000000
__Ltext36                   text36       000000
__Ltext37                   text37       000000
__Ltext38                   text38       000000
__Ltext39                   text39       000000
__Ltext4                    text4        000000
__Ltext40                   text40       000000
__Ltext41                   text41       000000
__Ltext42                   text42       000000
__Ltext43                   text43       000000
__Ltext44                   text44       000000
__Ltext45                   text45       000000
__Ltext46                   text46       000000
__Ltext5                    text5        000000
__Ltext6                    text6        000000
__Ltext7                    text7        000000
__Ltext8                    text8        000000
__Ltext9                    text9        000000
__S0                        (abs)        001AB4
__S1                        (abs)        00009C
__S4                        (abs)        000000
__S5                        (abs)        000000
___awdiv                    text44       0013B8
___awdiv@counter            cstackCOMRAM 000005
___awdiv@dividend           cstackCOMRAM 000001
___awdiv@divisor            cstackCOMRAM 000003
___awdiv@quotient           cstackCOMRAM 000007
___awdiv@sign               cstackCOMRAM 000006
___heap_hi                  (abs)        000000
___heap_lo                  (abs)        000000
___inthi_sp                 stack        000000
___inthi_stack_hi           stack        000000
___inthi_stack_lo           stack        000000
___intlo_sp                 stack        000000
___intlo_stack_hi           stack        000000
___intlo_stack_lo           stack        000000
___lbmod                    text9        0018B8
___lbmod@counter            cstackBANK0  000062
___lbmod@dividend           cstackBANK0  000061
___lbmod@divisor            cstackBANK0  000060
___lbmod@rem                cstackBANK0  000063
___lwdiv                    text18       0015E8
___lwdiv@counter            cstackBANK0  000064
___lwdiv@dividend           cstackBANK0  000060
___lwdiv@divisor            cstackBANK0  000062
___lwdiv@quotient           cstackBANK0  000065
___lwmod                    text17       00168C
___lwmod@counter            cstackBANK0  00006B
___lwmod@dividend           cstackBANK0  000067
___lwmod@divisor            cstackBANK0  000069
___param_bank               (abs)        000000
___rparam_used              (abs)        000001
___sp                       stack        000000
___stack_hi                 stack        000000
___stack_lo                 stack        000000
___wmul                     text43       00190E
___wmul@multiplicand        cstackCOMRAM 000003
___wmul@multiplier          cstackCOMRAM 000001
___wmul@product             cstackCOMRAM 000005
__accesstop                 (abs)        000060
__activetblptr              (abs)        000002
__end_of_ISR                intcode_body 000C46
__end_of_MeasureDist        text45       00158E
__end_of___awdiv            text44       00143C
__end_of___lbmod            text9        0018E4
__end_of___lwdiv            text18       00163A
__end_of___lwmod            text17       0016CE
__end_of___wmul             text43       001934
__end_of__initialization    cinit        001742
__end_of_antirebote         text42       0019BE
__end_of_assignRGB          text4        0014B2
__end_of_clearDisplay       text22       00198A
__end_of_conversion         text41       001A06
__end_of_createCharacter    text19       001858
__end_of_deleteChar         text8        001A3A
__end_of_dpowers            smallconst   00080B
__end_of_enable             text24       001A66
__end_of_initLCD            text21       0015E8
__end_of_initMessage        text10       00130A
__end_of_main               text0        001226
__end_of_printInfo          text3        001952
__end_of_printMessage       text14       001A8A
__end_of_printNumber        text7        001A18
__end_of_printf             text15       000E12
__end_of_putch              text16       001970
__end_of_secondLineC        text6        001A58
__end_of_shiftCLeft         text13       001AAC
__end_of_shiftDLeft         text12       001AA4
__end_of_shiftDRight        text11       001A9C
__end_of_state_1            text5        0013B8
__end_of_state_2            text2        001134
__end_of_state_3            text1        001828
__end_of_transmision        text35       00178C
__end_of_writeData          text20       0017C2
__end_of_writeInstruction   text23       0017F8
__end_ofi2___lbmod          text34       00190E
__end_ofi2___lwdiv          text46       00168C
__end_ofi2___lwmod          text40       001710
__end_ofi2_assignRGB        text33       001526
__end_ofi2_clearDisplay     text31       0019F0
__end_ofi2_deleteChar       text29       001A4A
__end_ofi2_enable           text39       001A74
__end_ofi2_printMessage     text28       001A94
__end_ofi2_printNumber      text27       001A2A
__end_ofi2_printf           text36       000FD8
__end_ofi2_putch            text37       0019A4
__end_ofi2_secondLineC      text26       001A80
__end_ofi2_shiftCLeft       text30       001AB4
__end_ofi2_writeData        text38       0018B8
__end_ofi2_writeInstruction text32       001888
__initialization            cinit        001710
__mediumconst               mediumconst  000000
__pbssBANK0                 bssBANK0     00009A
__pbssCOMRAM                bssCOMRAM    00002E
__pcinit                    cinit        001710
__pcstackBANK0              cstackBANK0  000060
__pcstackCOMRAM             cstackCOMRAM 000001
__pdataBANK0                dataBANK0    000081
__pidataBANK0               idataBANK0   0019BE
__pintcode                  intcode      000008
__pintcode_body             intcode_body 0008BE
__psmallconst               smallconst   000800
__ptext0                    text0        001134
__ptext1                    text1        0017F8
__ptext10                   text10       001226
__ptext11                   text11       001A94
__ptext12                   text12       001A9C
__ptext13                   text13       001AA4
__ptext14                   text14       001A80
__ptext15                   text15       000C46
__ptext16                   text16       001952
__ptext17                   text17       00168C
__ptext18                   text18       0015E8
__ptext19                   text19       001828
__ptext2                    text2        000FD8
__ptext20                   text20       00178C
__ptext21                   text21       00158E
__ptext22                   text22       001970
__ptext23                   text23       0017C2
__ptext24                   text24       001A58
__ptext26                   text26       001A74
__ptext27                   text27       001A18
__ptext28                   text28       001A8A
__ptext29                   text29       001A3A
__ptext3                    text3        001934
__ptext30                   text30       001AAC
__ptext31                   text31       0019D8
__ptext32                   text32       001858
__ptext33                   text33       0014B2
__ptext34                   text34       0018E4
__ptext35                   text35       001750
__ptext36                   text36       000E12
__ptext37                   text37       00198A
__ptext38                   text38       001888
__ptext39                   text39       001A66
__ptext4                    text4        00143C
__ptext40                   text40       0016CE
__ptext41                   text41       0019F0
__ptext42                   text42       0019A4
__ptext43                   text43       00190E
__ptext44                   text44       0013B8
__ptext45                   text45       001526
__ptext46                   text46       00163A
__ptext5                    text5        00130A
__ptext6                    text6        001A4A
__ptext7                    text7        001A06
__ptext8                    text8        001A2A
__ptext9                    text9        0018B8
__ramtop                    ramtop       000800
__smallconst                smallconst   000800
_antirebote                 text42       0019A4
_assignRGB                  text4        00143C
_clearDisplay               text22       001970
_contador                   bssBANK0     00009B
_conversion                 text41       0019F0
_createCharacter            text19       001828
_deleteChar                 text8        001A2A
_dist                       bssCOMRAM    000033
_dpowers                    smallconst   000801
_enable                     text24       001A58
_estado                     dataBANK0    000081
_eusart                     bssCOMRAM    000035
_initLCD                    text21       00158E
_initMessage                text10       001226
_main                       text0        001134
_nDig                       bssCOMRAM    000032
_pChar1                     dataBANK0    000092
_pChar2                     dataBANK0    00008A
_pChar3                     dataBANK0    000082
_pot                        bssCOMRAM    000030
_printInfo                  text3        001934
_printMessage               text14       001A80
_printNumber                text7        001A06
_printf                     text15       000C46
_putch                      text16       001952
_pwm_value                  bssCOMRAM    00002E
_rx_e                       bssCOMRAM    000034
_secondLineC                text6        001A4A
_shiftCLeft                 text13       001AA4
_shiftDLeft                 text12       001A9C
_shiftDRight                text11       001A94
_state_1                    text5        00130A
_state_2                    text2        000FD8
_state_3                    text1        0017F8
_tecla                      bssBANK0     00009A
_transmision                text35       001750
_valor                      bssCOMRAM    000036
_writeData                  text20       00178C
_writeInstruction           text23       0017C2
assignRGB@number            cstackBANK0  000067
btemp                       temp         000037
conversion@canal            cstackCOMRAM 000001
createCharacter@i           cstackBANK0  000065
createCharacter@location    cstackBANK0  000064
createCharacter@pChar       cstackBANK0  000063
end_of_initialization       cinit        001742
i2___lbmod                  text34       0018E4
i2___lbmod@counter          cstackCOMRAM 000003
i2___lbmod@dividend         cstackCOMRAM 000002
i2___lbmod@divisor          cstackCOMRAM 000001
i2___lbmod@rem              cstackCOMRAM 000004
i2___lwdiv                  text46       00163A
i2___lwdiv@counter          cstackCOMRAM 00000D
i2___lwdiv@dividend         cstackCOMRAM 000007
i2___lwdiv@divisor          cstackCOMRAM 000009
i2___lwdiv@quotient         cstackCOMRAM 00000B
i2___lwmod                  text40       0016CE
i2___lwmod@counter          cstackCOMRAM 000012
i2___lwmod@dividend         cstackCOMRAM 00000E
i2___lwmod@divisor          cstackCOMRAM 000010
i2_assignRGB                text33       0014B2
i2_clearDisplay             text31       0019D8
i2_deleteChar               text29       001A3A
i2_enable                   text39       001A66
i2_printMessage             text28       001A8A
i2_printNumber              text27       001A18
i2_printf                   text36       000E12
i2_putch                    text37       00198A
i2_secondLineC              text26       001A74
i2_shiftCLeft               text30       001AAC
i2_writeData                text38       001888
i2_writeInstruction         text32       001858
i2assignRGB@number          cstackCOMRAM 000008
i2printMessage@string       cstackCOMRAM 00001F
i2printNumber@number        cstackCOMRAM 00001F
i2printf@ap                 cstackCOMRAM 00001B
i2printf@c                  cstackCOMRAM 00001E
i2printf@cp                 cstackCOMRAM 000019
i2printf@f                  cstackCOMRAM 000013
i2printf@flag               cstackCOMRAM 000018
i2printf@prec               cstackCOMRAM 000017
i2printf@val                cstackCOMRAM 00001C
i2putch@d                   cstackCOMRAM 000003
i2secondLineC@pos           cstackCOMRAM 000003
i2writeData@d               cstackCOMRAM 000002
i2writeInstruction@d        cstackCOMRAM 000002
initMessage@i               cstackBANK0  00007C
initMessage@i_86            cstackBANK0  00007D
int$flags                   temp         000037
int_func                    intcode_body 0008BE
intlevel0                   text         000000
intlevel1                   text         000000
intlevel2                   text         000000
intlevel3                   text         000000
isa$std                     (abs)        000001
isa$xinst                   (abs)        000000
printInfo@number            cstackBANK0  00007B
printInfo@string            cstackBANK0  00007A
printMessage@string         cstackBANK0  00007A
printNumber@number          cstackBANK0  00007A
printf@ap                   cstackBANK0  000076
printf@c                    cstackBANK0  000079
printf@cp                   cstackBANK0  000074
printf@f                    cstackBANK0  00006C
printf@flag                 cstackBANK0  000073
printf@prec                 cstackBANK0  000072
printf@val                  cstackBANK0  000077
putch@d                     cstackBANK0  000062
secondLineC@pos             cstackBANK0  000062
stackhi                     (abs)        000000
stacklo                     (abs)        000000
start                       init         00000E
start_initialization        cinit        001710
transmision@d               cstackCOMRAM 00001F
transmision@e               cstackCOMRAM 000021
ttemp5                      temp         000038
ttemp6                      temp         00003B
ttemp7                      temp         00003F
writeData@d                 cstackBANK0  000061
writeInstruction@d          cstackBANK0  000061
wtemp8                      temp         000038


MODULE INFORMATION

Module		Function		Class		Link	Load	Size
C:\Program Files\Microchip\xc8\v2.46\pic\sources\c90\common\lwdiv.c
		___lwdiv       		CODE           	15E8	0000	82

C:\Program Files\Microchip\xc8\v2.46\pic\sources\c90\common\lwdiv.c estimated size: 82

C:\Program Files\Microchip\xc8\v2.46\pic\sources\c90\common\awdiv.c
		___awdiv       		CODE           	13B8	0000	132

C:\Program Files\Microchip\xc8\v2.46\pic\sources\c90\common\awdiv.c estimated size: 132

Lab6C.c
		_state_3       		CODE           	17F8	0000	48
		_conversion    		CODE           	19F0	0000	22
		_ISR           		CODE           	0008	0000	910
		_antirebote    		CODE           	19A4	0000	26
		_main          		CODE           	1134	0000	242
		_state_2       		CODE           	0FD8	0000	348
		_assignRGB     		CODE           	143C	0000	118
		_state_1       		CODE           	130A	0000	174

Lab6C.c estimated size: 1888

C:\Program Files\Microchip\xc8\v2.46\pic\sources\c90\common\lbmod.c
		___lbmod       		CODE           	18B8	0000	44

C:\Program Files\Microchip\xc8\v2.46\pic\sources\c90\common\lbmod.c estimated size: 44

HCSR04.c
		_MeasureDist   		CODE           	1526	0000	104

HCSR04.c estimated size: 104

C:\Program Files\Microchip\xc8\v2.46\pic\sources\c90\common\Umul16.c
		___wmul        		CODE           	190E	0000	38

C:\Program Files\Microchip\xc8\v2.46\pic\sources\c90\common\Umul16.c estimated size: 38

LCD_Eusart.c
		_printNumber   		CODE           	1A06	0000	18
		_shiftCLeft    		CODE           	1AA4	0000	8
		_putch         		CODE           	1952	0000	30
		_initMessage   		CODE           	1226	0000	228
		_enable        		CODE           	1A58	0000	14
		_printInfo     		CODE           	1934	0000	30
		_clearDisplay  		CODE           	1970	0000	26
		_deleteChar    		CODE           	1A2A	0000	16
		_shiftDLeft    		CODE           	1A9C	0000	8
		_shiftDRight   		CODE           	1A94	0000	8
		_writeInstruction		CODE           	17C2	0000	54
		_createCharacter		CODE           	1828	0000	48
		_printMessage  		CODE           	1A80	0000	10
		_writeData     		CODE           	178C	0000	54
		_secondLineC   		CODE           	1A4A	0000	14
		_transmision   		CODE           	1750	0000	60
		_initLCD       		CODE           	158E	0000	90

LCD_Eusart.c estimated size: 716

shared
		i2_printf      		CODE           	0E12	0000	454
		i2_writeData   		CODE           	1888	0000	48
		i2_putch       		CODE           	198A	0000	26
		i2_printNumber 		CODE           	1A18	0000	18
		i2_enable      		CODE           	1A66	0000	14
		i2___lbmod     		CODE           	18E4	0000	42
		_dpowers       		SMALLCONST     	0801	0000	10
		i2___lwdiv     		CODE           	163A	0000	82
		i2_printMessage		CODE           	1A8A	0000	10
		i2_secondLineC 		CODE           	1A74	0000	12
		i2___lwmod     		CODE           	16CE	0000	66
		__initialization		CODE           	1710	0000	50
		i2_assignRGB   		CODE           	14B2	0000	116
		i2_shiftCLeft  		CODE           	1AAC	0000	8
		i2_clearDisplay		CODE           	19D8	0000	24
		i2_writeInstruction		CODE           	1858	0000	48
		i2_deleteChar  		CODE           	1A3A	0000	16

shared estimated size: 1044

C:\Program Files\Microchip\xc8\v2.46\pic\sources\c90\common\lwmod.c
		___lwmod       		CODE           	168C	0000	66

C:\Program Files\Microchip\xc8\v2.46\pic\sources\c90\common\lwmod.c estimated size: 66

C:\Program Files\Microchip\xc8\v2.46\pic\sources\c90\common\doprnt.c
		_printf        		CODE           	0C46	0000	460

C:\Program Files\Microchip\xc8\v2.46\pic\sources\c90\common\doprnt.c estimated size: 460

